File: demo/pi-vimux-starship.tape
Output .gif docs/assets/pi-vimux-starship.gif
Set Shell bash
Set Width 1400
Set Height 900
Set FontSize 24
Set TypingSpeed 35ms
Set Framerate 30
Set PlaybackSpeed 1
Type nvim +'terminal' +'startinsert'
Enter 1
Sleep 2s
Type pi --offline --no-session --no-extensions --no-context-files --tui-mode regular -e .
Enter 1
Sleep 4s
Type i
Sleep 2s
Type /vimux-health
Sleep 1s
Escape 1
Type :x
Enter 1
Sleep 5s
Creating docs/assets/pi-vimux-starship.gif...
Host your GIF on vhs.charm.sh: vhs publish <file>.gif
